Archive member included to satisfy reference by file (symbol)

build/cooja/mtype574.a(simEnvChange.o)
                              build/cooja/mtype574.o (simDontFallAsleep)
build/cooja/mtype574.a(cooja_mt.o)
                              build/cooja/mtype574.o (cooja_mt_start)
build/cooja/mtype574.a(cooja_mtarch.o)
                              build/cooja/mtype574.a(cooja_mt.o) (cooja_mtarch_start)
build/cooja/mtype574.a(rtimer-arch.o)
                              build/cooja/mtype574.o (rtimer_arch_check)
build/cooja/mtype574.a(beep.o)
                              build/cooja/mtype574.o (beep_interface)
build/cooja/mtype574.a(leds-arch.o)
                              build/cooja/mtype574.o (leds_interface)
build/cooja/mtype574.a(moteid.o)
                              build/cooja/mtype574.o (moteid_interface)
build/cooja/mtype574.a(pir-sensor.o)
                              build/cooja/mtype574.o (pir_interface)
build/cooja/mtype574.a(rs232.o)
                              build/cooja/mtype574.o (rs232_interface)
build/cooja/mtype574.a(vib-sensor.o)
                              build/cooja/mtype574.o (vib_interface)
build/cooja/mtype574.a(clock.o)
                              build/cooja/mtype574.o (clock_interface)
build/cooja/mtype574.a(cooja-log.o)
                              build/cooja/mtype574.o (simlog_interface)
build/cooja/mtype574.a(cfs-cooja.o)
                              build/cooja/mtype574.o (cfs_interface)
build/cooja/mtype574.a(cooja-radio.o)
                              build/cooja/mtype574.o (radio_interface)
build/cooja/mtype574.a(eeprom.o)
                              build/cooja/mtype574.o (eeprom_interface)
build/cooja/mtype574.a(random.o)
                              build/cooja/mtype574.a(moteid.o) (random_init)
build/cooja/mtype574.a(sensors.o)
                              build/cooja/mtype574.a(pir-sensor.o) (sensors_changed)
build/cooja/mtype574.a(leds.o)
                              build/cooja/mtype574.a(leds-arch.o) (leds_get)
build/cooja/mtype574.a(gpio-hal-arch.o)
                              build/cooja/mtype574.a(leds-arch.o) (gpio_hal_arch_register_pin_callback)
build/cooja/mtype574.a(buttons.o)
                              build/cooja/mtype574.o (button_interface)
build/cooja/mtype574.a(contiki-main.o)
                              build/cooja/mtype574.o (main)
build/cooja/mtype574.a(autostart.o)
                              build/cooja/mtype574.a(contiki-main.o) (autostart_start)
build/cooja/mtype574.a(ctimer.o)
                              build/cooja/mtype574.a(contiki-main.o) (ctimer_init)
build/cooja/mtype574.a(log.o)
                              build/cooja/mtype574.a(contiki-main.o) (curr_log_level_main)
build/cooja/mtype574.a(energest.o)
                              build/cooja/mtype574.a(contiki-main.o) (energest_init)
build/cooja/mtype574.a(etimer.o)
                              build/cooja/mtype574.a(contiki-main.o) (etimer_process)
build/cooja/mtype574.a(node-id.o)
                              build/cooja/mtype574.a(contiki-main.o) (node_id)
build/cooja/mtype574.a(process.o)
                              build/cooja/mtype574.a(ctimer.o) (process_current)
build/cooja/mtype574.a(rtimer.o)
                              build/cooja/mtype574.a(contiki-main.o) (rtimer_init)
build/cooja/mtype574.a(timer.o)
                              build/cooja/mtype574.a(etimer.o) (timer_set)
build/cooja/mtype574.a(list.o)
                              build/cooja/mtype574.a(ctimer.o) (list_init)
build/cooja/mtype574.a(button-hal.o)
                              build/cooja/mtype574.o (button_hal_init)
build/cooja/mtype574.a(serial-line.o)
                              build/cooja/mtype574.a(rs232.o) (serial_line_input_byte)
build/cooja/mtype574.a(gpio-hal.o)
                              build/cooja/mtype574.a(button-hal.o) (gpio_hal_register_handler)
build/cooja/mtype574.a(queuebuf.o)
                              build/cooja/mtype574.a(contiki-main.o) (queuebuf_init)
build/cooja/mtype574.a(packetbuf.o)
                              build/cooja/mtype574.a(cooja-radio.o) (packetbuf_clear)
build/cooja/mtype574.a(netstack.o)
                              build/cooja/mtype574.a(contiki-main.o) (netstack_init)
build/cooja/mtype574.a(linkaddr.o)
                              build/cooja/mtype574.a(contiki-main.o) (linkaddr_node_addr)
build/cooja/mtype574.a(csma.o)
                              build/cooja/mtype574.a(cooja-radio.o) (csma_driver)
build/cooja/mtype574.a(csma-output.o)
                              build/cooja/mtype574.a(csma.o) (csma_output_packet)
build/cooja/mtype574.a(uip-ds6.o)
                              build/cooja/mtype574.a(contiki-main.o) (uip_ds6_get_link_local)
build/cooja/mtype574.a(uip-ds6-route.o)
                              build/cooja/mtype574.a(uip-ds6.o) (uip_ds6_route_init)
build/cooja/mtype574.a(tcpip.o)
                              build/cooja/mtype574.a(contiki-main.o) (tcpip_process)
build/cooja/mtype574.a(uip6.o)
[...]
Memory Configuration

Name             Origin             Length             Attributes
*default*        0x0000000000000000 0xffffffffffffffff

Linker script and memory map

LOAD /usr/lib/gcc/i686-linux-gnu/7/../../../i386-linux-gnu/crti.o
LOAD /usr/lib/gcc/i686-linux-gnu/7/crtbeginS.o
LOAD sensor-node.o
LOAD build/cooja/mtype574.o
LOAD build/cooja/obj/virtual-sensor.o
LOAD build/cooja/mtype574.a
LOAD /usr/lib/gcc/i686-linux-gnu/7/libgcc.a
LOAD /usr/lib/gcc/i686-linux-gnu/7/libgcc_s.so
START GROUP
LOAD /usr/lib/gcc/i686-linux-gnu/7/libgcc_s.so.1
LOAD /usr/lib/gcc/i686-linux-gnu/7/libgcc.a
END GROUP
LOAD /usr/lib/gcc/i686-linux-gnu/7/../../../i386-linux-gnu/libc.so
START GROUP
LOAD /lib/i386-linux-gnu/libc.so.6
LOAD /usr/lib/i386-linux-gnu/libc_nonshared.a
LOAD /lib/i386-linux-gnu/ld-linux.so.2
END GROUP
LOAD /usr/lib/gcc/i686-linux-gnu/7/libgcc.a
LOAD /usr/lib/gcc/i686-linux-gnu/7/libgcc_s.so
START GROUP
LOAD /usr/lib/gcc/i686-linux-gnu/7/libgcc_s.so.1
LOAD /usr/lib/gcc/i686-linux-gnu/7/libgcc.a
END GROUP
LOAD /usr/lib/gcc/i686-linux-gnu/7/crtendS.o
LOAD /usr/lib/gcc/i686-linux-gnu/7/../../../i386-linux-gnu/crtn.o
                0x0000000000000114                . = (SEGMENT_START ("text-segment", 0x0) + SIZEOF_HEADERS)

.note.gnu.build-id
                0x0000000000000114       0x24
 *(.note.gnu.build-id)
 .note.gnu.build-id
                0x0000000000000114       0x24 /usr/lib/gcc/i686-linux-gnu/7/../../../i386-linux-gnu/crti.o

.hash
 *(.hash)

.gnu.hash       0x0000000000000138     0x1424
 *(.gnu.hash)
 .gnu.hash      0x0000000000000138     0x1424 /usr/lib/gcc/i686-linux-gnu/7/../../../i386-linux-gnu/crti.o

.dynsym         0x000000000000155c     0x28d0
 *(.dynsym)
 .dynsym        0x000000000000155c     0x28d0 /usr/lib/gcc/i686-linux-gnu/7/../../../i386-linux-gnu/crti.o

.dynstr         0x0000000000003e2c     0x2e4e
 *(.dynstr)
 .dynstr        0x0000000000003e2c     0x2e4e /usr/lib/gcc/i686-linux-gnu/7/../../../i386-linux-gnu/crti.o

.gnu.version    0x0000000000006c7a      0x51a
 *(.gnu.version)
 .gnu.version   0x0000000000006c7a      0x51a /usr/lib/gcc/i686-linux-gnu/7/../../../i386-linux-gnu/crti.o

.gnu.version_d  0x0000000000007194        0x0
 *(.gnu.version_d)
 .gnu.version_d
                0x0000000000007194        0x0 /usr/lib/gcc/i686-linux-gnu/7/../../../i386-linux-gnu/crti.o

.gnu.version_r  0x0000000000007194       0x40
 *(.gnu.version_r)
 .gnu.version_r
                0x0000000000007194       0x40 /usr/lib/gcc/i686-linux-gnu/7/../../../i386-linux-gnu/crti.o

.rel.dyn        0x00000000000071d4      0xd98
 *(.rel.init)
 .rel.init      0x00000000000071d4        0x0 /usr/lib/gcc/i686-linux-gnu/7/../../../i386-linux-gnu/crti.o
 *(.rel.text .rel.text.* .rel.gnu.linkonce.t.*)
 .rel.text      0x00000000000071d4      0x4e8 /usr/lib/gcc/i686-linux-gnu/7/../../../i386-linux-gnu/crti.o
 *(.rel.fini)
 .rel.fini      0x00000000000076bc        0x0 /usr/lib/gcc/i686-linux-gnu/7/../../../i386-linux-gnu/crti.o
 *(.rel.rodata .rel.rodata.* .rel.gnu.linkonce.r.*)
 *(.rel.data.rel.ro .rel.data.rel.ro.* .rel.gnu.linkonce.d.rel.ro.*)
 .rel.data.rel.ro.local
                0x00000000000076bc      0x208 /usr/lib/gcc/i686-linux-gnu/7/../../../i386-linux-gnu/crti.o
 .rel.data.rel.ro
                0x00000000000078c4       0xb0 /usr/lib/gcc/i686-linux-gnu/7/../../../i386-linux-gnu/crti.o
 *(.rel.data .rel.data.* .rel.gnu.linkonce.d.*)
 .rel.data.rel.local
                0x0000000000007974      0x2e0 /usr/lib/gcc/i686-linux-gnu/7/../../../i386-linux-gnu/crti.o
 .rel.data.rel  0x0000000000007c54       0x78 /usr/lib/gcc/i686-linux-gnu/7/../../../i386-linux-gnu/crti.o
 *(.rel.tdata .rel.tdata.* .rel.gnu.linkonce.td.*)
 *(.rel.tbss .rel.tbss.* .rel.gnu.linkonce.tb.*)
 *(.rel.ctors)
 *(.rel.dtors)
 *(.rel.got)
 .rel.got       0x0000000000007ccc      0x290 /usr/lib/gcc/i686-linux-gnu/7/../../../i386-linux-gnu/crti.o
 *(.rel.bss .rel.bss.* .rel.gnu.linkonce.b.*)
 *(.rel.ifunc)
 .rel.ifunc     0x0000000000007f5c        0x0 /usr/lib/gcc/i686-linux-gnu/7/../../../i386-linux-gnu/crti.o
 .rel.fini_array
                0x0000000000007f5c        0x8 /usr/lib/gcc/i686-linux-gnu/7/../../../i386-linux-gnu/crti.o
 .rel.init_array
                0x0000000000007f64        0x8 /usr/lib/gcc/i686-linux-gnu/7/../../../i386-linux-gnu/crti.o

.rel.plt        0x0000000000007f6c      0x930
 *(.rel.plt)
 .rel.plt       0x0000000000007f6c      0x930 /usr/lib/gcc/i686-linux-gnu/7/../../../i386-linux-gnu/crti.o
 *(.rel.iplt)

.init           0x000000000000889c       0x23
 *(SORT_NONE(.init))
 .init          0x000000000000889c       0x1e /usr/lib/gcc/i686-linux-gnu/7/../../../i386-linux-gnu/crti.o
                0x000000000000889c                _init
 .init          0x00000000000088ba        0x5 /usr/lib/gcc/i686-linux-gnu/7/../../../i386-linux-gnu/crtn.o

.plt            0x00000000000088c0     0x1270
 *(.plt)
 .plt           0x00000000000088c0     0x1270 /usr/lib/gcc/i686-linux-gnu/7/../../../i386-linux-gnu/crti.o
 *(.iplt)

.plt.got        0x0000000000009b30       0x18
 *(.plt.got)
 .plt.got       0x0000000000009b30       0x18 /usr/lib/gcc/i686-linux-gnu/7/../../../i386-linux-gnu/crti.o

.plt.sec
 *(.plt.sec)

.text           0x0000000000009b50    0x176e4
 *(.text.unlikely .text.*_unlikely .text.unlikely.*)
 *(.text.exit .text.exit.*)
 *(.text.startup .text.startup.*)
 *(.text.hot .text.hot.*)
 *(.text .stub .text.* .gnu.linkonce.t.*)
 .text          0x0000000000009b50        0x0 /usr/lib/gcc/i686-linux-gnu/7/../../../i386-linux-gnu/crti.o
 .gnu.linkonce.t.__x86.get_pc_thunk.bx
                0x0000000000009b50        0x4 /usr/lib/gcc/i686-linux-gnu/7/../../../i386-linux-gnu/crti.o
                0x0000000000009b50                __x86.get_pc_thunk.bx
 *fill*         0x0000000000009b54        0xc 
 .text          0x0000000000009b60       0xe9 /usr/lib/gcc/i686-linux-gnu/7/crtbeginS.o
 .text.__x86.get_pc_thunk.dx
                0x0000000000009c49        0x4 /usr/lib/gcc/i686-linux-gnu/7/crtbeginS.o
                0x0000000000009c49                __x86.get_pc_thunk.dx
 .text          0x0000000000009c4d       0xfa sensor-node.o
 .text          0x0000000000009d47      0x36b build/cooja/mtype574.o
                0x0000000000009df9                platform_init_stage_one
                0x0000000000009e1c                platform_init_stage_two
                0x0000000000009e3f                platform_init_stage_three
                0x0000000000009e62                platform_main_loop
                0x0000000000009f08                Java_org_contikios_cooja_corecomm_Lib1_init
                0x0000000000009f56                Java_org_contikios_cooja_corecomm_Lib1_getMemory
                0x0000000000009f96                Java_org_contikios_cooja_corecomm_Lib1_setMemory
                0x000000000000a007                Java_org_contikios_cooja_corecomm_Lib1_tick
                0x000000000000a091                Java_org_contikios_cooja_corecomm_Lib1_setReferenceAddress
 .text.__x86.get_pc_thunk.ax
                0x000000000000a0b2        0x4 build/cooja/mtype574.o
                0x000000000000a0b2                __x86.get_pc_thunk.ax
 .text          0x000000000000a0b6       0xbc build/cooja/obj/virtual-sensor.o
                0x000000000000a0b6                random_value
                0x000000000000a0f0                read_temperature
                0x000000000000a12f                read_humidity
 .text          0x000000000000a172       0x8d build/cooja/mtype574.a(simEnvChange.o)
                0x000000000000a172                doActionsBeforeTick
                0x000000000000a1b8                doActionsAfterTick
 .text          0x000000000000a1ff       0xb6 build/cooja/mtype574.a(cooja_mt.o)
                0x000000000000a1ff                cooja_mt_start
                0x000000000000a239                cooja_mt_exec
                0x000000000000a280                cooja_mt_yield
 .text          0x000000000000a2b5       0xf2 build/cooja/mtype574.a(cooja_mtarch.o)
                0x000000000000a2b5                cooja_mtarch_start
                0x000000000000a339                cooja_sw
                0x000000000000a367                cooja_mtarch_exec
                0x000000000000a392                cooja_mtarch_yield
 .text          0x000000000000a3a7      0x127 build/cooja/mtype574.a(rtimer-arch.o)
                0x000000000000a3a7                rtimer_arch_init
                0x000000000000a3d6                rtimer_arch_schedule
                0x000000000000a418                rtimer_arch_next
                0x000000000000a432                rtimer_arch_pending
                0x000000000000a449                rtimer_arch_check
                0x000000000000a4b4                rtimer_arch_now
 .text.__x86.get_pc_thunk.cx
                0x000000000000a4ce        0x4 build/cooja/mtype574.a(rtimer-arch.o)
                0x000000000000a4ce                __x86.get_pc_thunk.cx
 .text          0x000000000000a4d2      0x101 build/cooja/mtype574.a(beep.o)
                0x000000000000a4d2                beep_alarm
                0x000000000000a4eb                beep_beep
                0x000000000000a504                beep
                0x000000000000a51d                beep_down
                0x000000000000a536                beep_on
                0x000000000000a54f                beep_off
                0x000000000000a568                beep_spinup
                0x000000000000a581                beep_quick
                0x000000000000a59a                beep_long
 .text          0x000000000000a5d3       0x9f build/cooja/mtype574.a(leds-arch.o)
                0x000000000000a5f7                leds_arch_init
 .text          0x000000000000a672       0x56 build/cooja/mtype574.a(moteid.o)
 .text          0x000000000000a6c8      0x101 build/cooja/mtype574.a(pir-sensor.o)
 .text          0x000000000000a7c9      0x1cc build/cooja/mtype574.a(rs232.o)
                0x000000000000a7c9                rs232_init
                0x000000000000a7d9                rs232_set_speed
                0x000000000000a7f2                rs232_set_input
                0x000000000000a80b                rs232_send
                0x000000000000a841                rs232_print
                0x000000000000a86f                slip_arch_writeb
 .text          0x000000000000a995      0x101 build/cooja/mtype574.a(vib-sensor.o)
 .text          0x000000000000aa96       0x7a build/cooja/mtype574.a(clock.o)
                0x000000000000aa96                clock_init
                0x000000000000aaa6                clock_time
                0x000000000000aabd                clock_seconds
                0x000000000000aae0                clock_delay
 .text          0x000000000000ab10      0x2b5 build/cooja/mtype574.a(cooja-log.o)
                0x000000000000ab10                simlog_char
                0x000000000000ab74                simlog
                0x000000000000ac0e                log_message
                0x000000000000ac5d                log_set_putchar_with_slip
                0x000000000000ac76                log_putchar
                0x000000000000ad01                log_puts
                0x000000000000ad33                log_printf
 .text          0x000000000000adc5      0x36c build/cooja/mtype574.a(cfs-cooja.o)
                0x000000000000adc5                cfs_open
                0x000000000000ae3d                cfs_close
                0x000000000000ae54                cfs_read
                0x000000000000af08                cfs_write
                0x000000000000b006                cfs_seek
                0x000000000000b0a3                cfs_remove
                0x000000000000b0d9                cfs_opendir
                0x000000000000b0ed                cfs_readdir
                0x000000000000b101                cfs_closedir
 .text          0x000000000000b131      0x785 build/cooja/mtype574.a(cooja-radio.o)
                0x000000000000b19f                radio_set_channel
                0x000000000000b1b8                radio_set_txpower
                0x000000000000b1db                radio_signal_strength_last
                0x000000000000b1f0                radio_signal_strength_current
                0x000000000000b205                radio_LQI
 .text          0x000000000000b8b6      0x130 build/cooja/mtype574.a(eeprom.o)
                0x000000000000b8b6                eeprom_init
                0x000000000000b8c6                eeprom_read
                0x000000000000b946                eeprom_write
 .text          0x000000000000b9e6       0x4e build/cooja/mtype574.a(random.o)
                0x000000000000b9e6                random_init
                0x000000000000ba16                random_rand
 .text          0x000000000000ba34      0x332 build/cooja/mtype574.a(sensors.o)
                0x000000000000ba7b                sensors_first
                0x000000000000ba92                sensors_next
                0x000000000000babd                sensors_changed
                0x000000000000bb0a                sensors_find
 .text          0x000000000000bd66      0x3fc build/cooja/mtype574.a(leds.o)
                0x000000000000bd66                leds_init
                0x000000000000bdbe                leds_single_on
                0x000000000000be36                leds_single_off
                0x000000000000beae                leds_single_toggle
                0x000000000000bef2                leds_on
                0x000000000000bf8a                leds_off
                0x000000000000c022                leds_toggle
                0x000000000000c088                leds_set
                0x000000000000c0be                leds_get
 .text          0x000000000000c162      0x401 build/cooja/mtype574.a(gpio-hal-arch.o)
                0x000000000000c162                gpio_hal_arch_register_pin_callback
                0x000000000000c1e3                gpio_hal_arch_init
                0x000000000000c23d                gpio_hal_arch_no_port_interrupt_enable
                0x000000000000c277                gpio_hal_arch_no_port_interrupt_disable
                0x000000000000c2b1                gpio_hal_arch_no_port_pin_cfg_set
                0x000000000000c2e0                gpio_hal_arch_no_port_pin_cfg_get
                0x000000000000c310                gpio_hal_arch_no_port_pin_set_input
                0x000000000000c32c                gpio_hal_arch_no_port_pin_set_output
                0x000000000000c348                gpio_hal_arch_no_port_set_pin
                0x000000000000c373                gpio_hal_arch_no_port_clear_pin
                0x000000000000c39e                gpio_hal_arch_no_port_read_pin
                0x000000000000c3d0                gpio_hal_arch_no_port_write_pin
                0x000000000000c404                gpio_hal_arch_no_port_set_pins
                0x000000000000c455                gpio_hal_arch_no_port_clear_pins
                0x000000000000c4a6                gpio_hal_arch_no_port_read_pins
                0x000000000000c4f9                gpio_hal_arch_no_port_write_pins
 .text          0x000000000000c563       0xc6 build/cooja/mtype574.a(buttons.o)
 .text          0x000000000000c629      0x3c1 build/cooja/mtype574.a(contiki-main.o)
                0x000000000000c629                main
 .text          0x000000000000c9ea       0xb0 build/cooja/mtype574.a(autostart.o)
                0x000000000000c9ea                autostart_start
                0x000000000000ca43                autostart_exit
 .text          0x000000000000ca9a      0x400 build/cooja/mtype574.a(ctimer.o)
                0x000000000000cbdd                ctimer_init
                0x000000000000cc22                ctimer_set
                0x000000000000cc55                ctimer_set_with_process
                0x000000000000ccec                ctimer_reset
                0x000000000000cd5a                ctimer_restart
                0x000000000000cdc8                ctimer_stop
                0x000000000000ce28                ctimer_expired
 .text          0x000000000000ce9a      0x4a3 build/cooja/mtype574.a(log.o)
                0x000000000000ce9a                log_6addr
                0x000000000000cefe                log_6addr_compact_snprint
                0x000000000000cfbe                log_6addr_compact
                0x000000000000d022                log_lladdr
                0x000000000000d0a9                log_lladdr_compact
                0x000000000000d126                log_bytes
                0x000000000000d17a                log_set_level
                0x000000000000d258                log_get_level
                0x000000000000d2e9                log_level_to_str
 .text          0x000000000000d33d       0x39 build/cooja/mtype574.a(energest.o)
                0x000000000000d33d                energest_init
                0x000000000000d34d                energest_flush
                0x000000000000d35d                energest_get_total_time
 .text          0x000000000000d376      0x527 build/cooja/mtype574.a(etimer.o)
                0x000000000000d5cb                etimer_request_poll
                0x000000000000d67c                etimer_set
                0x000000000000d6b5                etimer_reset_with_new_interval
                0x000000000000d6f4                etimer_reset
                0x000000000000d72a                etimer_restart
                0x000000000000d760                etimer_adjust
                0x000000000000d787                etimer_expired
                0x000000000000d7a4                etimer_expiration_time
                0x000000000000d7c0                etimer_start_time
                0x000000000000d7d4                etimer_pending
                0x000000000000d7f1                etimer_next_expiration_time
                0x000000000000d819                etimer_stop
 .text          0x000000000000d89d       0x36 build/cooja/mtype574.a(node-id.o)
                0x000000000000d89d                node_id_init
 .text          0x000000000000d8d3      0x5cb build/cooja/mtype574.a(process.o)
                0x000000000000d8d3                process_alloc_event
                0x000000000000d8f4                process_start
                0x000000000000daf9                process_exit
                0x000000000000db21                process_init
                0x000000000000dce9                process_run
                0x000000000000dd2c                process_nevents
                0x000000000000dd51                process_post
                0x000000000000ddfe                process_post_synch
                0x000000000000de44                process_poll
                0x000000000000de80                process_is_running
 .text.__x86.get_pc_thunk.si
                0x000000000000de9e        0x4 build/cooja/mtype574.a(process.o)
                0x000000000000de9e                __x86.get_pc_thunk.si
 .text          0x000000000000dea2      0x122 build/cooja/mtype574.a(rtimer.o)
                0x000000000000dea2                rtimer_init
                0x000000000000dec1                rtimer_set
                0x000000000000df4f                rtimer_run_next
 .text          0x000000000000dfc4       0xf6 build/cooja/mtype574.a(timer.o)
                0x000000000000dfc4                timer_set
                0x000000000000dff3                timer_reset
                0x000000000000e02a                timer_restart
                0x000000000000e050                timer_expired
                0x000000000000e08e                timer_remaining
 .text          0x000000000000e0ba      0x311 build/cooja/mtype574.a(list.o)
                0x000000000000e0ba                list_init
                0x000000000000e0d3                list_head
                0x000000000000e0e7                list_copy
                0x000000000000e101                list_tail
                0x000000000000e141                list_add
                0x000000000000e197                list_push
                0x000000000000e1cd                list_chop
                0x000000000000e241                list_pop
                0x000000000000e273                list_remove
                0x000000000000e2e5                list_length
                0x000000000000e31d                list_insert
                0x000000000000e36c                list_item_next
                0x000000000000e38d                list_contains
 .text          0x000000000000e3cb      0x566 build/cooja/mtype574.a(button-hal.o)
                0x000000000000e5bf                button_hal_get_by_id
                0x000000000000e609                button_hal_get_by_index
                0x000000000000e643                button_hal_get_state
                0x000000000000e6a5                button_hal_init
 .text          0x000000000000e931      0x242 build/cooja/mtype574.a(serial-line.o)
                0x000000000000e931                serial_line_input_byte
                0x000000000000eb29                serial_line_init
 .text          0x000000000000eb73      0x1d6 build/cooja/mtype574.a(gpio-hal.o)
                0x000000000000eb73                gpio_hal_register_handler
                0x000000000000eba1                gpio_hal_event_handler
                0x000000000000ec0e                gpio_hal_init
                0x000000000000ec3d                gpio_hal_arch_port_toggle_pin
                0x000000000000ec88                gpio_hal_arch_port_toggle_pins
                0x000000000000ecc5                gpio_hal_arch_no_port_toggle_pin
                0x000000000000ed12                gpio_hal_arch_no_port_toggle_pins
 .text          0x000000000000ed49      0x3a9 build/cooja/mtype574.a(queuebuf.o)
                0x000000000000ed5d                queuebuf_init
                0x000000000000ed99                queuebuf_numfree
                0x000000000000edc3                queuebuf_new_from_packetbuf
                0x000000000000ee77                queuebuf_update_attr_from_packetbuf
                0x000000000000eebb                queuebuf_update_from_packetbuf
                0x000000000000ef1a                queuebuf_free
                0x000000000000ef78                queuebuf_to_packetbuf
                0x000000000000eff5                queuebuf_dataptr
                0x000000000000f041                queuebuf_datalen
                0x000000000000f06e                queuebuf_addr
                0x000000000000f0ad                queuebuf_attr
                0x000000000000f0e2                queuebuf_debug_print
 .text          0x000000000000f0f2      0x4dd build/cooja/mtype574.a(packetbuf.o)
                0x000000000000f0f2                packetbuf_clear
                0x000000000000f128                packetbuf_copyfrom
                0x000000000000f188                packetbuf_copyto
                0x000000000000f226                packetbuf_hdralloc
                0x000000000000f2b6                packetbuf_hdrreduce
                0x000000000000f308                packetbuf_set_datalen
                0x000000000000f32d                packetbuf_dataptr
                0x000000000000f354                packetbuf_hdrptr
                0x000000000000f369                packetbuf_datalen
                0x000000000000f37f                packetbuf_hdrlen
                0x000000000000f39e                packetbuf_totlen
                0x000000000000f3be                packetbuf_remaininglen
                0x000000000000f3db                packetbuf_attr_clear
                0x000000000000f441                packetbuf_attr_copyto
                0x000000000000f487                packetbuf_attr_copyfrom
                0x000000000000f4cd                packetbuf_set_attr
                0x000000000000f503                packetbuf_attr
                0x000000000000f529                packetbuf_set_addr
                0x000000000000f571                packetbuf_addr
                0x000000000000f59b                packetbuf_holds_broadcast
 .text          0x000000000000f5cf      0x13c build/cooja/mtype574.a(netstack.o)
                0x000000000000f5cf                netstack_process_ip_callback
                0x000000000000f670                netstack_ip_packet_processor_add
                0x000000000000f6a4                uip_ds6_ip_packet_processor_rm
                0x000000000000f6d2                netstack_init
 .text          0x000000000000f70b       0x75 build/cooja/mtype574.a(linkaddr.o)
                0x000000000000f70b                linkaddr_copy
                0x000000000000f72b                linkaddr_cmp
                0x000000000000f75e                linkaddr_set_node_addr
 .text          0x000000000000f780      0x2ae build/cooja/mtype574.a(csma.o)
 .text          0x000000000000fa2e      0xa6f build/cooja/mtype574.a(csma-output.o)
                0x00000000000101a0                csma_output_packet
                0x000000000001044f                csma_output_init
 .text          0x000000000001049d      0xe47 build/cooja/mtype574.a(uip-ds6.o)
                0x000000000001049d                uip_ds6_default_prefix
                0x00000000000104b2                uip_ds6_set_default_prefix
                0x00000000000104e8                uip_ds6_init
                0x0000000000010783                uip_ds6_periodic
                0x000000000001082b                uip_ds6_list_loop
                0x00000000000108fa                uip_ds6_prefix_add
                0x00000000000109c1                uip_ds6_prefix_rm
                0x00000000000109de                uip_ds6_prefix_lookup
                0x0000000000010a31                uip_ds6_is_addr_onlink
                0x0000000000010abe                uip_ds6_addr_add
                0x0000000000010c00                uip_ds6_addr_rm
                0x0000000000010cbf                uip_ds6_addr_lookup
                0x0000000000010d0f                uip_ds6_get_link_local
                0x0000000000010dad                uip_ds6_get_global
                0x0000000000010e4b                uip_ds6_maddr_add
                0x0000000000010ec7                uip_ds6_maddr_rm
                0x0000000000010ee4                uip_ds6_maddr_lookup
                0x0000000000010f37                uip_ds6_aaddr_add
                0x0000000000010fb0                uip_ds6_aaddr_rm
                0x0000000000010fcd                uip_ds6_aaddr_lookup
                0x000000000001101d                uip_ds6_select_src
                0x000000000001118b                uip_ds6_set_addr_iid
                0x00000000000111c0                uip_ds6_set_lladdr_from_iid
                0x00000000000111f3                get_match_length
                0x000000000001128e                uip_ds6_compute_reachable_time
 .text          0x00000000000112e4      0x453 build/cooja/mtype574.a(uip-ds6-route.o)
                0x0000000000011346                uip_ds6_route_init
                0x0000000000011382                uip_ds6_route_count_nexthop_neighbors
                0x0000000000011396                uip_ds6_route_nexthop
                0x00000000000113aa                uip_ds6_route_head
                0x00000000000113be                uip_ds6_route_next
                0x00000000000113d2                uip_ds6_route_is_nexthop
                0x00000000000113e6                uip_ds6_route_num_routes
                0x00000000000113fa                uip_ds6_route_lookup
                0x000000000001140e                uip_ds6_route_add
                0x000000000001142b                uip_ds6_route_rm
                0x000000000001143b                uip_ds6_route_rm_by_nexthop
                0x000000000001144b                uip_ds6_defrt_head
                0x0000000000011475                uip_ds6_defrt_add
                0x0000000000011535                uip_ds6_defrt_rm
                0x00000000000115ae                uip_ds6_defrt_lookup
                0x0000000000011625                uip_ds6_defrt_choose
                0x00000000000116ab                uip_ds6_defrt_periodic
 .text          0x0000000000011737      0x870 build/cooja/mtype574.a(tcpip.o)
                0x000000000001175d                tcpip_output
                0x000000000001180c                udp_attach
                0x000000000001182e                udp_new
                0x0000000000011888                udp_broadcast_new
                0x0000000000011a28                tcpip_input
                0x0000000000011c1e                tcpip_ipv6_output
                0x0000000000011e5a                tcpip_poll_udp
                0x0000000000011e8a                tcpip_uipcall
 .text          0x0000000000011fa7     0x1520 build/cooja/mtype574.a(uip6.o)
                0x0000000000012060                uip_chksum
                0x0000000000012158                uip_icmp6chksum
                0x0000000000012177                uip_udpchksum
                0x0000000000012196                uip_init
                0x00000000000121f5                uip_remove_ext_hdr
                0x00000000000122f0                uip_udp_new
                0x0000000000012669                uip_process
                0x0000000000013357                uip_htons
                0x0000000000013383                uip_htonl
                0x00000000000133cd                uip_send
 .text          0x00000000000134c7      0x43e build/cooja/mtype574.a(uip-ds6-nbr.o)
                0x00000000000134c7                uip_ds6_neighbors_init
                0x00000000000134fd                uip_ds6_nbr_add
                0x0000000000013597                uip_ds6_nbr_rm
                0x00000000000135f6                uip_ds6_nbr_update_ll
                0x00000000000136f3                uip_ds6_nbr_get_ipaddr
                0x0000000000013712                uip_ds6_nbr_get_ll
                0x000000000001373f                uip_ds6_nbr_num
                0x0000000000013799                uip_ds6_nbr_head
                0x00000000000137c3                uip_ds6_nbr_next
                0x00000000000137f0                uip_ds6_nbr_lookup
                0x0000000000013857                uip_ds6_nbr_ll_lookup
                0x0000000000013884                uip_ds6_nbr_ipaddr_from_lladdr
                0x00000000000138b7                uip_ds6_nbr_lladdr_from_ipaddr
                0x00000000000138f5                uip_ds6_link_callback
 .text          0x0000000000013905      0x7d4 build/cooja/mtype574.a(uip-nd6.o)
                0x00000000000140ae                uip_nd6_init
 .text          0x00000000000140d9     0x3370 build/cooja/mtype574.a(sicslowpan.o)
                0x00000000000147d7                netstack_sniffer_add
                0x00000000000147f0                netstack_sniffer_remove
                0x0000000000017408                sicslowpan_init
                0x0000000000017434                sicslowpan_get_last_rssi
 .text          0x0000000000017449      0x51a build/cooja/mtype574.a(uiplib.o)
                0x0000000000017449                uiplib_ip6addrconv
                0x000000000001760f                uiplib_ip4addrconv
                0x00000000000176dc                uiplib_ipaddr_print
                0x0000000000017740                uiplib_ipaddr_snprint
 .text          0x0000000000017963      0x610 build/cooja/mtype574.a(rpl.o)
                0x0000000000017963                rpl_lollipop_greater_than
                0x00000000000179c6                rpl_get_global_address
                0x0000000000017afc                rpl_link_callback
                0x0000000000017b5f                rpl_has_joined
                0x0000000000017b95                rpl_is_reachable
                0x0000000000017c38                rpl_reset_prefix
                0x0000000000017cb4                rpl_set_prefix_from_addr
                0x0000000000017dc6                rpl_set_prefix
                0x0000000000017f3a                rpl_set_leaf_only
                0x0000000000017f5d                rpl_get_leaf_only
 .text          0x0000000000017f73     0x11f4 build/cooja/mtype574.a(rpl-dag.o)
                0x0000000000017f73                rpl_dag_state_to_str
                0x0000000000017fc1                rpl_dag_get_root_ipaddr
                0x0000000000018011                rpl_dag_leave
                0x00000000000180c7                rpl_dag_poison_and_leave
                0x00000000000180f3                rpl_dag_periodic
                0x00000000000181b8                rpl_is_addr_in_our_dag
                0x0000000000018217                rpl_get_default_instance
                0x0000000000018241                rpl_get_any_dag
                0x00000000000182b7                rpl_refresh_routes
                0x000000000001831a                rpl_global_repair
                0x00000000000183eb                rpl_local_repair
                0x0000000000018450                rpl_dag_ready_to_advertise
                0x00000000000184a9                rpl_dag_update_state
                0x0000000000018d25                rpl_process_dio
                0x0000000000018dc0                rpl_process_dis
                0x0000000000018e16                rpl_process_dao
                0x0000000000018eb7                rpl_process_dao_ack
                0x0000000000018f73                rpl_process_hbh
                0x0000000000018fd3                rpl_dag_init_root
                0x0000000000019135                rpl_dag_init
 .text          0x0000000000019167      0x2e4 build/cooja/mtype574.a(rpl-dag-root.o)
                0x0000000000019167                rpl_dag_root_print_links
                0x00000000000192c0                rpl_dag_root_set_prefix
                0x00000000000192fb                rpl_dag_root_start
                0x0000000000019409                rpl_dag_root_is_root
 .text          0x000000000001944b       0x6b build/cooja/mtype574.a(watchdog.o)
                0x000000000001944b                watchdog_init
                0x000000000001945b                watchdog_start
                0x000000000001946b                watchdog_periodic
                0x0000000000019496                watchdog_stop
                0x00000000000194a6                watchdog_reboot
 .text          0x00000000000194b6       0x75 build/cooja/mtype574.a(int-master.o)
                0x00000000000194b6                int_master_enable
                0x00000000000194d0                int_master_read_and_disable
                0x00000000000194f8                int_master_status_set
                0x0000000000019511                int_master_is_enabled
 .text          0x000000000001952b      0x11d build/cooja/mtype574.a(stimer.o)
                0x000000000001952b                stimer_set
                0x000000000001955a                stimer_reset
                0x0000000000019591                stimer_restart
                0x00000000000195b7                stimer_expired
                0x00000000000195f3                stimer_remaining
                0x000000000001961f                stimer_elapsed
 .text          0x0000000000019648      0x188 build/cooja/mtype574.a(ringbuf.o)
                0x0000000000019648                ringbuf_init
                0x0000000000019684                ringbuf_put
                0x000000000001970c                ringbuf_get
                0x0000000000019783                ringbuf_size
                0x000000000001979f                ringbuf_elements
 .text          0x00000000000197d0      0x1ec build/cooja/mtype574.a(memb.o)
                0x00000000000197d0                memb_init
                0x0000000000019834                memb_alloc
                0x00000000000198a1                memb_free
                0x0000000000019922                memb_inmemb
                0x000000000001996b                memb_numfree
 .text          0x00000000000199bc       0x31 build/cooja/mtype574.a(assert.o)
                0x00000000000199bc                _xassert
 .text          0x00000000000199ed      0xb68 build/cooja/mtype574.a(nbr-table.o)
                0x0000000000019d8f                nbr_table_count_entries
                0x0000000000019e3c                nbr_table_gc_get_worst
                0x0000000000019e7c                nbr_table_can_accept_new
                0x000000000001a005                nbr_table_entry_is_allowed
                0x000000000001a0a5                nbr_table_register
                0x000000000001a123                nbr_table_is_registered
                0x000000000001a168                nbr_table_head
                0x000000000001a1d5                nbr_table_next
                0x000000000001a247                nbr_table_add_lladdr
                0x000000000001a396                nbr_table_get_from_lladdr
                0x000000000001a3f3                nbr_table_remove
                0x000000000001a43e                nbr_table_lock
                0x000000000001a464                nbr_table_unlock
                0x000000000001a48a                nbr_table_get_lladdr
                0x000000000001a4c0                nbr_table_clear
                0x000000000001a505                nbr_table_key_head
                0x000000000001a52f                nbr_table_key_next
 .text          0x000000000001a555      0x450 build/cooja/mtype574.a(link-stats.o)
                0x000000000001a555                link_stats_from_lladdr
                0x000000000001a582                link_stats_get_lladdr
                0x000000000001a5af                link_stats_is_fresh
                0x000000000001a5fc                guess_etx_from_rssi
                0x000000000001a682                link_stats_packet_sent
                0x000000000001a7c6                link_stats_input_callback
                0x000000000001a8fa                link_stats_reset
                0x000000000001a95c                link_stats_init
 .text          0x000000000001a9a5      0x1a8 build/cooja/mtype574.a(mac-sequence.o)
                0x000000000001a9a5                mac_sequence_is_duplicate
                0x000000000001aa65                mac_sequence_register_seqno
 .text          0x000000000001ab4d       0x2d build/cooja/mtype574.a(mac.o)
                0x000000000001ab4d                mac_call_sent_callback
 .text          0x000000000001ab7a      0x477 build/cooja/mtype574.a(framer-802154.o)
                0x000000000001ad1d                framer_802154_setup_params
 .text          0x000000000001aff1      0xc1a build/cooja/mtype574.a(frame802154.o)
                0x000000000001b02c                frame802154_get_pan_id
                0x000000000001b042                frame802154_set_pan_id
                0x000000000001b067                frame802154_has_panid
                0x000000000001b220                frame802154_check_dest_panid
                0x000000000001b2b2                frame802154_is_broadcast_addr
                0x000000000001b309                frame802154_extract_linkaddr
                0x000000000001b592                frame802154_hdrlen
                0x000000000001b60f                frame802154_create_fcf
                0x000000000001b6d1                frame802154_create
                0x000000000001b85c                frame802154_parse_fcf
                0x000000000001b948                frame802154_parse
 .text          0x000000000001bc0b       0x4e build/cooja/mtype574.a(csma-security.o)
                0x000000000001bc0b                csma_security_create_frame
                0x000000000001bc3c                csma_security_parse_frame
 .text          0x000000000001bc59      0x5be build/cooja/mtype574.a(uipbuf.o)
                0x000000000001bc59                uipbuf_clear
                0x000000000001bc90                uipbuf_add_ext_hdr
                0x000000000001bd2b                uipbuf_set_len
                0x000000000001bd65                uipbuf_set_len_field
                0x000000000001bd9b                uipbuf_get_len_field
                0x000000000001bdc5                uipbuf_get_next_header
                0x000000000001bf01                uipbuf_get_last_header
                0x000000000001bf84                uipbuf_search_header
                0x000000000001c048                uipbuf_get_attr
                0x000000000001c079                uipbuf_set_attr
                0x000000000001c0ba                uipbuf_set_default_attr
                0x000000000001c0fb                uipbuf_clear_attr
                0x000000000001c13b                uipbuf_set_attr_flag
                0x000000000001c167                uipbuf_clr_attr_flag
                0x000000000001c199                uipbuf_is_attr_flag
                0x000000000001c1c7                uipbuf_init
 .text          0x000000000001c217      0x8b7 build/cooja/mtype574.a(uip-icmp6.o)
                0x000000000001c29c                uip_icmp6_input
                0x000000000001c2fd                uip_icmp6_register_input_handler
                0x000000000001c4b1                uip_icmp6_error_output
                0x000000000001c7f3                uip_icmp6_send
                0x000000000001ca21                uip_icmp6_echo_reply_callback_add
                0x000000000001ca64                uip_icmp6_echo_reply_callback_rm
                0x000000000001ca92                uip_icmp6_init
 .text          0x000000000001cace      0x772 build/cooja/mtype574.a(uip-sr.o)
                0x000000000001cace                uip_sr_num_nodes
                0x000000000001cb7a                uip_sr_get_node
                0x000000000001cbe1                uip_sr_is_addr_reachable
                0x000000000001cc9e                uip_sr_expire_parent
                0x000000000001ccf1                uip_sr_update_node
                0x000000000001ce35                uip_sr_init
                0x000000000001ce7b                uip_sr_node_head
                0x000000000001cea5                uip_sr_node_next
                0x000000000001cecb                uip_sr_periodic
                0x000000000001cfe7                uip_sr_free_all
                0x000000000001d06c                uip_sr_link_snprint
 .text          0x000000000001d240      0x1a5 build/cooja/mtype574.a(uip-packetqueue)
                0x000000000001d280                uip_packetqueue_new
                0x000000000001d299                uip_packetqueue_alloc
                0x000000000001d308                uip_packetqueue_free
                0x000000000001d360                uip_packetqueue_buf
                0x000000000001d387                uip_packetqueue_buflen
                0x000000000001d3b2                uip_packetqueue_set_buflen
 .text          0x000000000001d3e5     0x1491 build/cooja/mtype574.a(rpl-icmp6.o)
                0x000000000001d542                rpl_icmp6_update_nbr_table
                0x000000000001d5f4                rpl_icmp6_dis_output
                0x000000000001dc09                rpl_icmp6_dio_output
                0x000000000001e462                rpl_icmp6_dao_output
                0x000000000001e78f                rpl_icmp6_dao_ack_output
                0x000000000001e816                rpl_icmp6_init
 .text          0x000000000001e876      0xaad build/cooja/mtype574.a(rpl-neighbor.o)
                0x000000000001e912                rpl_neighbor_snprint
                0x000000000001ebfa                rpl_neighbor_print_list
                0x000000000001eccd                rpl_neighbor_count
                0x000000000001edb0                rpl_neighbor_get_from_lladdr
                0x000000000001eddd                rpl_neighbor_is_acceptable_parent
                0x000000000001ee23                rpl_neighbor_get_link_metric
                0x000000000001ee69                rpl_neighbor_rank_via_nbr
                0x000000000001eeaf                rpl_neighbor_get_lladdr
                0x000000000001eedc                rpl_neighbor_get_ipaddr
                0x000000000001ef12                rpl_neighbor_get_link_stats
                0x000000000001ef48                rpl_neighbor_is_fresh
                0x000000000001ef7e                rpl_neighbor_is_parent
                0x000000000001efb5                rpl_neighbor_set_preferred_parent
                0x000000000001f06f                rpl_neighbor_remove_all
                0x000000000001f0dc                rpl_neighbor_get_from_ipaddr
                0x000000000001f216                rpl_neighbor_select_best
                0x000000000001f2f1                rpl_neighbor_init
 .text          0x000000000001f323      0xd8d build/cooja/mtype574.a(rpl-timers.o)
                0x000000000001f323                rpl_timers_schedule_periodic_dis
                0x000000000001f4cd                rpl_timers_dio_reset
                0x000000000001f645                rpl_timers_schedule_unicast_dio
                0x000000000001f818                rpl_timers_schedule_dao
                0x000000000001f91e                rpl_timers_schedule_dao_ack
                0x000000000001f9ed                rpl_timers_notify_dao_ack
                0x000000000001fa73                get_probing_delay
                0x000000000001fab8                get_probing_target
                0x000000000001fced                rpl_schedule_probing
                0x000000000001fd39                rpl_schedule_probing_now
                0x000000000001fdd3                rpl_timers_unschedule_leaving
                0x000000000001fe2d                rpl_timers_schedule_leaving
                0x000000000001fe92                rpl_timers_init
                0x000000000001ff54                rpl_timers_stop_dag_timers
                0x0000000000020011                rpl_timers_unschedule_state_update
                0x000000000002004d                rpl_timers_schedule_state_update
 .text          0x00000000000200b0      0xd42 build/cooja/mtype574.a(rpl-ext-header.)
                0x00000000000200b0                rpl_ext_header_srh_get_next_hop
                0x00000000000201bb                rpl_ext_header_srh_update
                0x00000000000207ed                rpl_ext_header_hbh_update
                0x0000000000020b6c                rpl_ext_header_update
                0x0000000000020c1b                rpl_ext_header_remove
 .text          0x0000000000020df2       0x8d build/cooja/mtype574.a(rpl-nbr-policy.)
                0x0000000000020e3e                rpl_nbr_gc_get_worst
 .text          0x0000000000020e7f      0x39b build/cooja/mtype574.a(rpl-mrhof.o)
 *fill*         0x000000000002121a        0x6 
 .text          0x0000000000021220       0x14 /usr/lib/i386-linux-gnu/libc_nonshared.a(stack_chk_fail_local.oS)
                0x0000000000021220                __stack_chk_fail_local
 .text          0x0000000000021234        0x0 /usr/lib/gcc/i686-linux-gnu/7/crtendS.o
 .text          0x0000000000021234        0x0 /usr/lib/gcc/i686-linux-gnu/7/../../../i386-linux-gnu/crtn.o
 *(.gnu.warning)

.fini           0x0000000000021234       0x14
 *(SORT_NONE(.fini))
 .fini          0x0000000000021234        0xf /usr/lib/gcc/i686-linux-gnu/7/../../../i386-linux-gnu/crti.o
                0x0000000000021234                _fini
 .fini          0x0000000000021243        0x5 /usr/lib/gcc/i686-linux-gnu/7/../../../i386-linux-gnu/crtn.o
                [!provide]                        PROVIDE (__etext = .)
                [!provide]                        PROVIDE (_etext = .)
                [!provide]                        PROVIDE (etext = .)

.rodata         0x0000000000021248      0x5a8
 *(.rodata .rodata.* .gnu.linkonce.r.*)
 .rodata        0x0000000000021248       0x4c sensor-node.o
 .rodata        0x0000000000021294       0x10 build/cooja/obj/virtual-sensor.o
 .rodata        0x00000000000212a4        0x6 build/cooja/mtype574.a(leds-arch.o)
                0x00000000000212a4                leds_arch_leds
 .rodata        0x00000000000212aa        0x4 build/cooja/mtype574.a(pir-sensor.o)
 .rodata        0x00000000000212ae        0x6 build/cooja/mtype574.a(rs232.o)
 .rodata        0x00000000000212b4        0xa build/cooja/mtype574.a(vib-sensor.o)
 *fill*         0x00000000000212be        0x2 
 .rodata        0x00000000000212c0       0x27 build/cooja/mtype574.a(cfs-cooja.o)
 *fill*         0x00000000000212e7        0x1 
 .rodata        0x00000000000212e8       0x68 build/cooja/mtype574.a(cooja-radio.o)
 .rodata        0x0000000000021350        0x8 build/cooja/mtype574.a(sensors.o)
 .rodata        0x0000000000021358       0x14 build/cooja/mtype574.a(buttons.o)
                0x0000000000021364                button_hal_button_count
 .rodata        0x000000000002136c       0xf4 build/cooja/mtype574.a(contiki-main.o)
 .rodata        0x0000000000021460        0xf build/cooja/mtype574.a(ctimer.o)
 *fill*         0x000000000002146f        0x1 
 .rodata        0x0000000000021470       0xc4 build/cooja/mtype574.a(log.o)
 .rodata        0x0000000000021534        0xc build/cooja/mtype574.a(etimer.o)
 .rodata        0x0000000000021540       0x13 build/cooja/mtype574.a(button-hal.o)
 .rodata        0x0000000000021553        0xe build/cooja/mtype574.a(serial-line.o)
 *fill*         0x0000000000021561        0x3 
 .rodata        0x0000000000021564        0x8 build/cooja/mtype574.a(linkaddr.o)
                0x0000000000021564                linkaddr_null
 .rodata        0x000000000002156c        0x5 build/cooja/mtype574.a(csma.o)
 *fill*         0x0000000000021571        0x3 
 .rodata        0x0000000000021574       0x24 build/cooja/mtype574.a(csma-output.o)
 .rodata        0x0000000000021598       0x4d build/cooja/mtype574.a(uip-ds6-route.o)
 .rodata        0x00000000000215e5        0xd build/cooja/mtype574.a(tcpip.o)
 *fill*         0x00000000000215f2        0x2 
 .rodata        0x00000000000215f4       0x1f build/cooja/mtype574.a(sicslowpan.o)
                0x00000000000215f4                unc_llconf
                0x00000000000215f8                unc_ctxconf
                0x00000000000215fc                unc_mxconf
                0x0000000000021600                llprefix
 .rodata        0x0000000000021613       0x2d build/cooja/mtype574.a(uiplib.o)
 .rodata        0x0000000000021640        0x9 build/cooja/mtype574.a(rpl.o)
 .rodata        0x0000000000021649       0xd7 build/cooja/mtype574.a(rpl-dag.o)
 .rodata        0x0000000000021720       0x25 build/cooja/mtype574.a(assert.o)
 .rodata        0x0000000000021745       0x44 build/cooja/mtype574.a(uip-sr.o)
 *fill*         0x0000000000021789        0x3 
 .rodata        0x000000000002178c       0x58 build/cooja/mtype574.a(rpl-neighbor.o)
 .rodata        0x00000000000217e4        0xc build/cooja/mtype574.a(rpl-timers.o)

.rodata1
 *(.rodata1)

.eh_frame_hdr   0x00000000000217f0     0x1644
 *(.eh_frame_hdr)
 .eh_frame_hdr  0x00000000000217f0     0x1644 sensor-node.o
                0x00000000000217f0                __GNU_EH_FRAME_HDR
 *(.eh_frame_entry .eh_frame_entry.*)

.eh_frame       0x0000000000022e34     0x5fe0
 *(.eh_frame)
 .eh_frame      0x0000000000022e34       0x3c /usr/lib/gcc/i686-linux-gnu/7/../../../i386-linux-gnu/crti.o
                                         0x40 (size before relaxing)
 .eh_frame      0x0000000000022e70       0x14 /usr/lib/gcc/i686-linux-gnu/7/../../../i386-linux-gnu/crti.o
                                         0x2c (size before relaxing)
 .eh_frame      0x0000000000022e84       0x24 sensor-node.o
                                         0x50 (size before relaxing)
 .eh_frame      0x0000000000022ea8      0x1ac build/cooja/mtype574.o
                                        0x1ec (size before relaxing)
 .eh_frame      0x0000000000023054       0x64 build/cooja/obj/virtual-sensor.o
                                         0xa4 (size before relaxing)
 .eh_frame      0x00000000000230b8       0x48 build/cooja/mtype574.a(simEnvChange.o)
                                         0x74 (size before relaxing)
 .eh_frame      0x0000000000023100       0x6c build/cooja/mtype574.a(cooja_mt.o)
                                         0x98 (size before relaxing)
 .eh_frame      0x000000000002316c       0x88 build/cooja/mtype574.a(cooja_mtarch.o)
                                         0xc8 (size before relaxing)
 .eh_frame      0x00000000000231f4       0xe4 build/cooja/mtype574.a(rtimer-arch.o)
                                        0x110 (size before relaxing)
 .eh_frame      0x00000000000232d8      0x160 build/cooja/mtype574.a(beep.o)
                                        0x18c (size before relaxing)
 .eh_frame      0x0000000000023438       0x88 build/cooja/mtype574.a(leds-arch.o)
                                         0xc8 (size before relaxing)
 .eh_frame      0x00000000000234c0       0x44 build/cooja/mtype574.a(moteid.o)
                                         0x70 (size before relaxing)
 .eh_frame      0x0000000000023504       0xa4 build/cooja/mtype574.a(pir-sensor.o)
                                         0xe4 (size before relaxing)
 .eh_frame      0x00000000000235a8      0x110 build/cooja/mtype574.a(rs232.o)
                                        0x150 (size before relaxing)
 .eh_frame      0x00000000000236b8       0xa4 build/cooja/mtype574.a(vib-sensor.o)
                                         0xe4 (size before relaxing)
 .eh_frame      0x000000000002375c       0xc0 build/cooja/mtype574.a(clock.o)
                                         0xec (size before relaxing)
 .eh_frame      0x000000000002381c      0x130 build/cooja/mtype574.a(cooja-log.o)
                                        0x170 (size before relaxing)
 .eh_frame      0x000000000002394c      0x16c build/cooja/mtype574.a(cfs-cooja.o)
                                        0x1ac (size before relaxing)
 .eh_frame      0x0000000000023ab8      0x354 build/cooja/mtype574.a(cooja-radio.o)
                                        0x394 (size before relaxing)
 .eh_frame      0x0000000000023e0c       0xa8 build/cooja/mtype574.a(eeprom.o)
                                         0xe8 (size before relaxing)
 .eh_frame      0x0000000000023eb4       0x48 build/cooja/mtype574.a(random.o)
                                         0x74 (size before relaxing)
 .eh_frame      0x0000000000023efc       0xd0 build/cooja/mtype574.a(sensors.o)
                                        0x110 (size before relaxing)
 .eh_frame      0x0000000000023fcc      0x140 build/cooja/mtype574.a(leds.o)
                                        0x180 (size before relaxing)
 .eh_frame      0x000000000002410c      0x228 build/cooja/mtype574.a(gpio-hal-arch.o)
                                        0x27c (size before relaxing)
 .eh_frame      0x0000000000024334       0xa4 build/cooja/mtype574.a(buttons.o)
                                         0xe4 (size before relaxing)
 .eh_frame      0x00000000000243d8       0x38 build/cooja/mtype574.a(contiki-main.o)
                                         0x64 (size before relaxing)
 .eh_frame      0x0000000000024410       0x48 build/cooja/mtype574.a(autostart.o)
                                         0x74 (size before relaxing)
 .eh_frame      0x0000000000024458      0x11c build/cooja/mtype574.a(ctimer.o)
                                        0x15c (size before relaxing)
 .eh_frame      0x0000000000024574      0x144 build/cooja/mtype574.a(log.o)
                                        0x184 (size before relaxing)
 .eh_frame      0x00000000000246b8       0x60 build/cooja/mtype574.a(energest.o)
                                         0x8c (size before relaxing)
 .eh_frame      0x0000000000024718      0x204 build/cooja/mtype574.a(etimer.o)
                                        0x244 (size before relaxing)
 .eh_frame      0x000000000002491c       0x20 build/cooja/mtype574.a(node-id.o)
                                         0x4c (size before relaxing)
 .eh_frame      0x000000000002493c      0x1ec build/cooja/mtype574.a(process.o)
                                        0x22c (size before relaxing)
 .eh_frame      0x0000000000024b28       0x6c build/cooja/mtype574.a(rtimer.o)
                                         0xc0 (size before relaxing)
 .eh_frame      0x0000000000024b94       0xb4 build/cooja/mtype574.a(timer.o)
                                         0xe0 (size before relaxing)
 .eh_frame      0x0000000000024c48      0x1a0 build/cooja/mtype574.a(list.o)
                                        0x1cc (size before relaxing)
 .eh_frame      0x0000000000024de8      0x188 build/cooja/mtype574.a(button-hal.o)
                                        0x1c8 (size before relaxing)
 .eh_frame      0x0000000000024f70       0x6c build/cooja/mtype574.a(serial-line.o)
                                         0x98 (size before relaxing)
 .eh_frame      0x0000000000024fdc       0xfc build/cooja/mtype574.a(gpio-hal.o)
                                        0x13c (size before relaxing)
 .eh_frame      0x00000000000250d8      0x1c0 build/cooja/mtype574.a(queuebuf.o)
                                        0x200 (size before relaxing)
 .eh_frame      0x0000000000025298      0x2b0 build/cooja/mtype574.a(packetbuf.o)
                                        0x2f0 (size before relaxing)
 .eh_frame      0x0000000000025548       0x90 build/cooja/mtype574.a(netstack.o)
                                         0xd0 (size before relaxing)
 .eh_frame      0x00000000000255d8       0x64 build/cooja/mtype574.a(linkaddr.o)
                                         0x90 (size before relaxing)
 .eh_frame      0x000000000002563c       0xf0 build/cooja/mtype574.a(csma.o)
                                        0x130 (size before relaxing)
 .eh_frame      0x000000000002572c      0x1f8 build/cooja/mtype574.a(csma-output.o)
                                        0x238 (size before relaxing)
 .eh_frame      0x0000000000025924      0x364 build/cooja/mtype574.a(uip-ds6.o)
                                        0x3a4 (size before relaxing)
 .eh_frame      0x0000000000025c88      0x260 build/cooja/mtype574.a(uip-ds6-route.o)
                                        0x2a0 (size before relaxing)
 .eh_frame      0x0000000000025ee8      0x270 build/cooja/mtype574.a(tcpip.o)
                                        0x2b0 (size before relaxing)
 .eh_frame      0x0000000000026158      0x20c build/cooja/mtype574.a(uip6.o)
                                        0x24c (size before relaxing)
 .eh_frame      0x0000000000026364      0x1e8 build/cooja/mtype574.a(uip-ds6-nbr.o)
                                        0x228 (size before relaxing)
 .eh_frame      0x000000000002654c       0x8c build/cooja/mtype574.a(uip-nd6.o)
                                         0xe0 (size before relaxing)
 .eh_frame      0x00000000000265d8      0x354 build/cooja/mtype574.a(sicslowpan.o)
                                        0x3a8 (size before relaxing)
 .eh_frame      0x000000000002692c       0x9c build/cooja/mtype574.a(uiplib.o)
                                         0xdc (size before relaxing)
 .eh_frame      0x00000000000269c8      0x1fc build/cooja/mtype574.a(rpl.o)
                                        0x23c (size before relaxing)
 .eh_frame      0x0000000000026bc4      0x3c0 build/cooja/mtype574.a(rpl-dag.o)
                                        0x414 (size before relaxing)
 .eh_frame      0x0000000000026f84       0xb0 build/cooja/mtype574.a(rpl-dag-root.o)
                                         0xf0 (size before relaxing)
 .eh_frame      0x0000000000027034       0xa4 build/cooja/mtype574.a(watchdog.o)
                                         0xd0 (size before relaxing)
 .eh_frame      0x00000000000270d8       0x80 build/cooja/mtype574.a(int-master.o)
                                         0xac (size before relaxing)
 .eh_frame      0x0000000000027158       0xd8 build/cooja/mtype574.a(stimer.o)
                                        0x104 (size before relaxing)
 .eh_frame      0x0000000000027230       0xa0 build/cooja/mtype574.a(ringbuf.o)
                                         0xcc (size before relaxing)
 .eh_frame      0x00000000000272d0       0xa4 build/cooja/mtype574.a(memb.o)
                                         0xe4 (size before relaxing)
 .eh_frame      0x0000000000027374       0x24 build/cooja/mtype574.a(assert.o)
                                         0x50 (size before relaxing)
 .eh_frame      0x0000000000027398      0x428 build/cooja/mtype574.a(nbr-table.o)
                                        0x468 (size before relaxing)
 .eh_frame      0x00000000000277c0      0x140 build/cooja/mtype574.a(link-stats.o)
                                        0x180 (size before relaxing)
 .eh_frame      0x0000000000027900       0x50 build/cooja/mtype574.a(mac-sequence.o)
                                         0x7c (size before relaxing)
 .eh_frame      0x0000000000027950       0x20 build/cooja/mtype574.a(mac.o)
                                         0x4c (size before relaxing)
 .eh_frame      0x0000000000027970       0xb4 build/cooja/mtype574.a(framer-802154.o)
                                         0xf4 (size before relaxing)
 .eh_frame      0x0000000000027a24      0x1b0 build/cooja/mtype574.a(frame802154.o)
                                        0x1f0 (size before relaxing)
 .eh_frame      0x0000000000027bd4       0x44 build/cooja/mtype574.a(csma-security.o)
                                         0x84 (size before relaxing)
 .eh_frame      0x0000000000027c18      0x204 build/cooja/mtype574.a(uipbuf.o)
                                        0x230 (size before relaxing)
 .eh_frame      0x0000000000027e1c      0x170 build/cooja/mtype574.a(uip-icmp6.o)
                                        0x1b0 (size before relaxing)
 .eh_frame      0x0000000000027f8c      0x1ac build/cooja/mtype574.a(uip-sr.o)
                                        0x1ec (size before relaxing)
 .eh_frame      0x0000000000028138       0xec build/cooja/mtype574.a(uip-packetqueue)
                                        0x12c (size before relaxing)
 .eh_frame      0x0000000000028224      0x1f0 build/cooja/mtype574.a(rpl-icmp6.o)
                                        0x230 (size before relaxing)
 .eh_frame      0x0000000000028414      0x2ec build/cooja/mtype574.a(rpl-neighbor.o)
                                        0x340 (size before relaxing)
 .eh_frame      0x0000000000028700      0x418 build/cooja/mtype574.a(rpl-timers.o)
                                        0x458 (size before relaxing)
 .eh_frame      0x0000000000028b18      0x144 build/cooja/mtype574.a(rpl-ext-header.)
                                        0x184 (size before relaxing)
 .eh_frame      0x0000000000028c5c       0x48 build/cooja/mtype574.a(rpl-nbr-policy.)
                                         0x88 (size before relaxing)
 .eh_frame      0x0000000000028ca4      0x150 build/cooja/mtype574.a(rpl-mrhof.o)
                                        0x190 (size before relaxing)
 .eh_frame      0x0000000000028df4       0x1c /usr/lib/i386-linux-gnu/libc_nonshared.a(stack_chk_fail_local.oS)
                                         0x48 (size before relaxing)
 .eh_frame      0x0000000000028e10        0x4 /usr/lib/gcc/i686-linux-gnu/7/crtendS.o
 *(.eh_frame.*)

.gcc_except_table
 *(.gcc_except_table .gcc_except_table.*)

.gnu_extab
 *(.gnu_extab*)

.exception_ranges
 *(.exception_ranges .exception_ranges*)
                0x000000000002ac18                . = DATA_SEGMENT_ALIGN (CONSTANT (MAXPAGESIZE), CONSTANT (COMMONPAGESIZE))

.eh_frame
 *(.eh_frame)
 *(.eh_frame.*)

.gnu_extab
 *(.gnu_extab)

.gcc_except_table
 *(.gcc_except_table .gcc_except_table.*)

.exception_ranges
 *(.exception_ranges .exception_ranges*)

.tdata
 *(.tdata .tdata.* .gnu.linkonce.td.*)

.tbss
 *(.tbss .tbss.* .gnu.linkonce.tb.*)
 *(.tcommon)

.preinit_array
 *(.preinit_array)

.init_array     0x000000000002ac18        0x4
 *(SORT_BY_INIT_PRIORITY(.init_array.*) SORT_BY_INIT_PRIORITY(.ctors.*))
 *(.init_array EXCLUDE_FILE(*crtend?.o *crtend.o *crtbegin?.o *crtbegin.o) .ctors)
 .init_array    0x000000000002ac18        0x4 /usr/lib/gcc/i686-linux-gnu/7/crtbeginS.o

.fini_array     0x000000000002ac1c        0x4
 *(SORT_BY_INIT_PRIORITY(.fini_array.*) SORT_BY_INIT_PRIORITY(.dtors.*))
 *(.fini_array EXCLUDE_FILE(*crtend?.o *crtend.o *crtbegin?.o *crtbegin.o) .dtors)
 .fini_array    0x000000000002ac1c        0x4 /usr/lib/gcc/i686-linux-gnu/7/crtbeginS.o

.ctors
 *crtbegin.o(.ctors)
 *crtbegin?.o(.ctors)
 *(EXCLUDE_FILE(*crtend?.o *crtend.o) .ctors)
 *(SORT_BY_NAME(.ctors.*))
 *(.ctors)

.dtors
 *crtbegin.o(.dtors)
 *crtbegin?.o(.dtors)
 *(EXCLUDE_FILE(*crtend?.o *crtend.o) .dtors)
 *(SORT_BY_NAME(.dtors.*))
 *(.dtors)

.jcr
 *(.jcr)

.data.rel.ro    0x000000000002ac20      0x198
 *(.data.rel.ro.local* .gnu.linkonce.d.rel.ro.local.*)
 .data.rel.ro.local
                0x000000000002ac20        0x8 sensor-node.o
                0x000000000002ac20                autostart_processes
 .data.rel.ro.local
                0x000000000002ac28        0x8 build/cooja/mtype574.a(beep.o)
                0x000000000002ac28                beep_interface
 .data.rel.ro.local
                0x000000000002ac30        0x8 build/cooja/mtype574.a(leds-arch.o)
                0x000000000002ac30                leds_interface
 .data.rel.ro.local
                0x000000000002ac38        0x8 build/cooja/mtype574.a(moteid.o)
                0x000000000002ac38                moteid_interface
 .data.rel.ro.local
                0x000000000002ac40       0x18 build/cooja/mtype574.a(pir-sensor.o)
                0x000000000002ac40                pir_interface
                0x000000000002ac48                pir_sensor
 .data.rel.ro.local
                0x000000000002ac58        0x8 build/cooja/mtype574.a(rs232.o)
                0x000000000002ac58                rs232_interface
 .data.rel.ro.local
                0x000000000002ac60       0x18 build/cooja/mtype574.a(vib-sensor.o)
                0x000000000002ac60                vib_interface
                0x000000000002ac68                vib_sensor
 .data.rel.ro.local
                0x000000000002ac78        0x8 build/cooja/mtype574.a(clock.o)
                0x000000000002ac78                clock_interface
 .data.rel.ro.local
                0x000000000002ac80        0x8 build/cooja/mtype574.a(cooja-log.o)
                0x000000000002ac80                simlog_interface
 .data.rel.ro.local
                0x000000000002ac88        0x8 build/cooja/mtype574.a(cfs-cooja.o)
                0x000000000002ac88                cfs_interface
 *fill*         0x000000000002ac90       0x10 
 .data.rel.ro.local
                0x000000000002aca0       0x58 build/cooja/mtype574.a(cooja-radio.o)
                0x000000000002aca0                radio_interface
                0x000000000002acc0                cooja_radio_driver
 .data.rel.ro.local
                0x000000000002acf8        0x8 build/cooja/mtype574.a(eeprom.o)
                0x000000000002acf8                eeprom_interface
 .data.rel.ro.local
                0x000000000002ad00       0x18 build/cooja/mtype574.a(buttons.o)
                0x000000000002ad00                button_interface
                0x000000000002ad08                button_sensor
 .data.rel.ro.local
                0x000000000002ad18       0x1c build/cooja/mtype574.a(csma.o)
                0x000000000002ad18                csma_driver
 .data.rel.ro.local
                0x000000000002ad34       0x10 build/cooja/mtype574.a(sicslowpan.o)
                0x000000000002ad34                sicslowpan_driver
 .data.rel.ro.local
                0x000000000002ad44        0xc build/cooja/mtype574.a(framer-802154.o)
                0x000000000002ad44                framer_802154
 *(.data.rel.ro .data.rel.ro.* .gnu.linkonce.d.rel.ro.*)
 .data.rel.ro   0x000000000002ad50        0x0 /usr/lib/gcc/i686-linux-gnu/7/../../../i386-linux-gnu/crti.o
 *fill*         0x000000000002ad50       0x10 
 .data.rel.ro   0x000000000002ad60       0x54 build/cooja/mtype574.a(rpl.o)
                0x000000000002ad60                rpl_lite_driver
 .data.rel.ro   0x000000000002adb4        0x4 build/cooja/mtype574.a(rpl-dag.o)

.dynamic        0x000000000002adb8       0xf0
 *(.dynamic)
 .dynamic       0x000000000002adb8       0xf0 /usr/lib/gcc/i686-linux-gnu/7/../../../i386-linux-gnu/crti.o
                0x000000000002adb8                _DYNAMIC

.got            0x000000000002aea8      0x148
 *(.got)
 .got           0x000000000002aea8      0x148 /usr/lib/gcc/i686-linux-gnu/7/../../../i386-linux-gnu/crti.o
 *(.igot)
                0x000000000002aff4                . = DATA_SEGMENT_RELRO_END (., (SIZEOF (.got.plt) >= 0xc)?0xc:0x0)

.got.plt        0x000000000002b000      0x4a4
 *(.got.plt)
 .got.plt       0x000000000002b000      0x4a4 /usr/lib/gcc/i686-linux-gnu/7/../../../i386-linux-gnu/crti.o
                0x000000000002b000                _GLOBAL_OFFSET_TABLE_
 *(.igot.plt)

.data           0x000000000002b4c0      0x364
 *(.data .data.* .gnu.linkonce.d.*)
 .data          0x000000000002b4c0        0x0 /usr/lib/gcc/i686-linux-gnu/7/../../../i386-linux-gnu/crti.o
 .data          0x000000000002b4c0        0x0 /usr/lib/gcc/i686-linux-gnu/7/crtbeginS.o
 .data.rel.local
                0x000000000002b4c0        0x4 /usr/lib/gcc/i686-linux-gnu/7/crtbeginS.o
                0x000000000002b4c0                __dso_handle
 .data          0x000000000002b4c4        0x0 sensor-node.o
 .data.rel.local
                0x000000000002b4c4       0x10 sensor-node.o
                0x000000000002b4c4                sensor_node
 .data          0x000000000002b4d4        0x0 build/cooja/mtype574.o
 *fill*         0x000000000002b4d4        0xc 
 .data.rel      0x000000000002b4e0       0x44 build/cooja/mtype574.o
                0x000000000002b4e0                simInterfaces
                0x000000000002b514                sensors
 .data          0x000000000002b524        0x0 build/cooja/obj/virtual-sensor.o
 .data          0x000000000002b524        0x0 build/cooja/mtype574.a(simEnvChange.o)
 .data          0x000000000002b524        0x0 build/cooja/mtype574.a(cooja_mt.o)
 .data          0x000000000002b524        0x0 build/cooja/mtype574.a(cooja_mtarch.o)
 .data          0x000000000002b524        0x0 build/cooja/mtype574.a(rtimer-arch.o)
 .data          0x000000000002b524        0x0 build/cooja/mtype574.a(beep.o)
 .data          0x000000000002b524        0x0 build/cooja/mtype574.a(leds-arch.o)
 .data          0x000000000002b524        0x0 build/cooja/mtype574.a(moteid.o)
 .data          0x000000000002b524        0x0 build/cooja/mtype574.a(pir-sensor.o)
 .data          0x000000000002b524        0x0 build/cooja/mtype574.a(rs232.o)
 .data          0x000000000002b524        0x0 build/cooja/mtype574.a(vib-sensor.o)
 .data          0x000000000002b524        0x0 build/cooja/mtype574.a(clock.o)
 .data          0x000000000002b524        0x0 build/cooja/mtype574.a(cooja-log.o)
 .data          0x000000000002b524        0x0 build/cooja/mtype574.a(cfs-cooja.o)
 .data          0x000000000002b524       0x1c build/cooja/mtype574.a(cooja-radio.o)
                0x000000000002b524                simRadioHWOn
                0x000000000002b528                simSignalStrength
                0x000000000002b52c                simLastSignalStrength
                0x000000000002b530                simPower
                0x000000000002b534                simRadioChannel
                0x000000000002b538                simLQI
 .data.rel.local
                0x000000000002b540       0x10 build/cooja/mtype574.a(cooja-radio.o)
                0x000000000002b540                cooja_radio_process
 .data          0x000000000002b550        0x0 build/cooja/mtype574.a(eeprom.o)
 .data          0x000000000002b550        0x0 build/cooja/mtype574.a(random.o)
 .data          0x000000000002b550        0x0 build/cooja/mtype574.a(sensors.o)
 .data.rel.local
                0x000000000002b550       0x10 build/cooja/mtype574.a(sensors.o)
                0x000000000002b550                sensors_process
 .data          0x000000000002b560        0x0 build/cooja/mtype574.a(leds.o)
 .data          0x000000000002b560        0x0 build/cooja/mtype574.a(gpio-hal-arch.o)
 .data          0x000000000002b560        0x1 build/cooja/mtype574.a(buttons.o)
                0x000000000002b560                simButtonIsActive
 *fill*         0x000000000002b561       0x1f 
 .data.rel.local
                0x000000000002b580       0x58 build/cooja/mtype574.a(buttons.o)
                0x000000000002b5d0                button_hal_buttons
 .data          0x000000000002b5d8        0x0 build/cooja/mtype574.a(contiki-main.o)
 .data          0x000000000002b5d8        0x0 build/cooja/mtype574.a(autostart.o)
 .data          0x000000000002b5d8        0x0 build/cooja/mtype574.a(ctimer.o)
 .data.rel.local
                0x000000000002b5d8       0x14 build/cooja/mtype574.a(ctimer.o)
                0x000000000002b5dc                ctimer_process
 .data          0x000000000002b5ec        0x4 build/cooja/mtype574.a(log.o)
                0x000000000002b5ec                curr_log_level_main
 *fill*         0x000000000002b5f0       0x10 
 .data.rel.local
                0x000000000002b600       0x9c build/cooja/mtype574.a(log.o)
                0x000000000002b600                all_modules
 .data          0x000000000002b69c        0x0 build/cooja/mtype574.a(energest.o)
 .data          0x000000000002b69c        0x0 build/cooja/mtype574.a(etimer.o)
 .data.rel.local
                0x000000000002b69c       0x10 build/cooja/mtype574.a(etimer.o)
                0x000000000002b69c                etimer_process
 .data          0x000000000002b6ac        0x0 build/cooja/mtype574.a(node-id.o)
 .data          0x000000000002b6ac        0x0 build/cooja/mtype574.a(process.o)
 .data          0x000000000002b6ac        0x0 build/cooja/mtype574.a(rtimer.o)
 .data          0x000000000002b6ac        0x0 build/cooja/mtype574.a(timer.o)
 .data          0x000000000002b6ac        0x0 build/cooja/mtype574.a(list.o)
 .data          0x000000000002b6ac        0x0 build/cooja/mtype574.a(button-hal.o)
 .data.rel.local
                0x000000000002b6ac       0x10 build/cooja/mtype574.a(button-hal.o)
                0x000000000002b6ac                button_hal_process
 .data          0x000000000002b6bc        0x0 build/cooja/mtype574.a(serial-line.o)
 .data.rel.local
                0x000000000002b6bc       0x10 build/cooja/mtype574.a(serial-line.o)
                0x000000000002b6bc                serial_line_process
 .data          0x000000000002b6cc        0x0 build/cooja/mtype574.a(gpio-hal.o)
 .data.rel.local
                0x000000000002b6cc        0x4 build/cooja/mtype574.a(gpio-hal.o)
 .data          0x000000000002b6d0        0x0 build/cooja/mtype574.a(queuebuf.o)
 .data.rel.local
                0x000000000002b6d0       0x18 build/cooja/mtype574.a(queuebuf.o)
 .data          0x000000000002b6e8        0x0 build/cooja/mtype574.a(packetbuf.o)
 .data.rel.local
                0x000000000002b6e8        0x4 build/cooja/mtype574.a(packetbuf.o)
 .data          0x000000000002b6ec        0x0 build/cooja/mtype574.a(netstack.o)
 .data.rel.local
                0x000000000002b6ec        0x4 build/cooja/mtype574.a(netstack.o)
 .data          0x000000000002b6f0        0x0 build/cooja/mtype574.a(linkaddr.o)
 .data          0x000000000002b6f0        0x0 build/cooja/mtype574.a(csma.o)
 .data          0x000000000002b6f0        0x0 build/cooja/mtype574.a(csma-output.o)
 .data.rel.local
                0x000000000002b6f0       0x28 build/cooja/mtype574.a(csma-output.o)
 .data          0x000000000002b718        0x0 build/cooja/mtype574.a(uip-ds6.o)
 .data          0x000000000002b718        0x0 build/cooja/mtype574.a(uip-ds6-route.o)
 .data.rel.local
                0x000000000002b718       0x10 build/cooja/mtype574.a(uip-ds6-route.o)
 .data          0x000000000002b728        0x0 build/cooja/mtype574.a(tcpip.o)
 .data.rel.local
                0x000000000002b728       0x10 build/cooja/mtype574.a(tcpip.o)
                0x000000000002b728                tcpip_process
 .data          0x000000000002b738        0x0 build/cooja/mtype574.a(uip6.o)
 .data          0x000000000002b738        0x0 build/cooja/mtype574.a(uip-ds6-nbr.o)
 .data.rel.local
                0x000000000002b738       0x14 build/cooja/mtype574.a(uip-ds6-nbr.o)
 .data          0x000000000002b74c        0x0 build/cooja/mtype574.a(uip-nd6.o)
 .data.rel.local
                0x000000000002b74c        0xc build/cooja/mtype574.a(uip-nd6.o)
 .data          0x000000000002b758        0x0 build/cooja/mtype574.a(sicslowpan.o)
 .data          0x000000000002b758        0x0 build/cooja/mtype574.a(uiplib.o)
 .data          0x000000000002b758        0x0 build/cooja/mtype574.a(rpl.o)
 .data          0x000000000002b758        0x0 build/cooja/mtype574.a(rpl-dag.o)
 .data          0x000000000002b758        0x0 build/cooja/mtype574.a(rpl-dag-root.o)
 .data          0x000000000002b758        0x0 build/cooja/mtype574.a(watchdog.o)
 .data          0x000000000002b758        0x0 build/cooja/mtype574.a(int-master.o)
 .data          0x000000000002b758        0x0 build/cooja/mtype574.a(stimer.o)
 .data          0x000000000002b758        0x0 build/cooja/mtype574.a(ringbuf.o)
 .data          0x000000000002b758        0x0 build/cooja/mtype574.a(memb.o)
 .data          0x000000000002b758        0x0 build/cooja/mtype574.a(assert.o)
 .data          0x000000000002b758        0x0 build/cooja/mtype574.a(nbr-table.o)
 .data.rel.local
                0x000000000002b758       0x10 build/cooja/mtype574.a(nbr-table.o)
 .data          0x000000000002b768        0x0 build/cooja/mtype574.a(link-stats.o)
 .data.rel.local
                0x000000000002b768       0x14 build/cooja/mtype574.a(link-stats.o)
 .data          0x000000000002b77c        0x0 build/cooja/mtype574.a(mac-sequence.o)
 .data          0x000000000002b77c        0x0 build/cooja/mtype574.a(mac.o)
 .data          0x000000000002b77c        0x0 build/cooja/mtype574.a(framer-802154.o)
 .data          0x000000000002b77c        0x2 build/cooja/mtype574.a(frame802154.o)
 .data          0x000000000002b77e        0x0 build/cooja/mtype574.a(csma-security.o)
 .data          0x000000000002b77e        0x0 build/cooja/mtype574.a(uipbuf.o)
 .data          0x000000000002b77e        0x0 build/cooja/mtype574.a(uip-icmp6.o)
 *fill*         0x000000000002b77e        0x2 
 .data.rel.local
                0x000000000002b780       0x20 build/cooja/mtype574.a(uip-icmp6.o)
 .data          0x000000000002b7a0        0x0 build/cooja/mtype574.a(uip-sr.o)
 .data.rel.local
                0x000000000002b7a0       0x10 build/cooja/mtype574.a(uip-sr.o)
 .data          0x000000000002b7b0        0x0 build/cooja/mtype574.a(uip-packetqueue)
 .data.rel.local
                0x000000000002b7b0        0xc build/cooja/mtype574.a(uip-packetqueue)
 .data          0x000000000002b7bc        0x0 build/cooja/mtype574.a(rpl-icmp6.o)
 .data.rel.local
                0x000000000002b7bc       0x30 build/cooja/mtype574.a(rpl-icmp6.o)
 .data          0x000000000002b7ec        0x0 build/cooja/mtype574.a(rpl-neighbor.o)
 .data.rel.local
                0x000000000002b7ec       0x14 build/cooja/mtype574.a(rpl-neighbor.o)
                0x000000000002b7fc                rpl_neighbors
 .data          0x000000000002b800        0x0 build/cooja/mtype574.a(rpl-timers.o)
 .data          0x000000000002b800        0x0 build/cooja/mtype574.a(rpl-ext-header.)
 .data          0x000000000002b800        0x0 build/cooja/mtype574.a(rpl-nbr-policy.)
 .data          0x000000000002b800        0x0 build/cooja/mtype574.a(rpl-mrhof.o)
 .data.rel.local
                0x000000000002b800       0x24 build/cooja/mtype574.a(rpl-mrhof.o)
                0x000000000002b800                rpl_mrhof
 .data          0x000000000002b824        0x0 /usr/lib/i386-linux-gnu/libc_nonshared.a(stack_chk_fail_local.oS)
 .data          0x000000000002b824        0x0 /usr/lib/gcc/i686-linux-gnu/7/crtendS.o
 .data          0x000000000002b824        0x0 /usr/lib/gcc/i686-linux-gnu/7/../../../i386-linux-gnu/crtn.o

.tm_clone_table
                0x000000000002b824        0x0
 .tm_clone_table
                0x000000000002b824        0x0 /usr/lib/gcc/i686-linux-gnu/7/crtbeginS.o
 .tm_clone_table
                0x000000000002b824        0x0 /usr/lib/gcc/i686-linux-gnu/7/crtendS.o

.data1
 *(.data1)
                0x000000000002b824                _edata = .
                [!provide]                        PROVIDE (edata = .)
                0x000000000002b824                . = .
                0x000000000002b824                __bss_start = .

.bss            0x000000000002b840    0x137a0
 *(.dynbss)
 .dynbss        0x000000000002b840        0x0 /usr/lib/gcc/i686-linux-gnu/7/../../../i386-linux-gnu/crti.o
 *(.bss .bss.* .gnu.linkonce.b.*)
 .bss           0x000000000002b840        0x0 /usr/lib/gcc/i686-linux-gnu/7/../../../i386-linux-gnu/crti.o
 .bss           0x000000000002b840        0x1 /usr/lib/gcc/i686-linux-gnu/7/crtbeginS.o
 *fill*         0x000000000002b841        0x3 
 .bss           0x000000000002b844       0x10 sensor-node.o
 *fill*         0x000000000002b854        0xc 
 .bss           0x000000000002b860     0x2040 build/cooja/mtype574.o
 .bss           0x000000000002d8a0        0x0 build/cooja/obj/virtual-sensor.o
 .bss           0x000000000002d8a0        0x1 build/cooja/mtype574.a(simEnvChange.o)
                0x000000000002d8a0                simDontFallAsleep
 *fill*         0x000000000002d8a1        0x3 
 .bss           0x000000000002d8a4        0x4 build/cooja/mtype574.a(cooja_mt.o)
 .bss           0x000000000002d8a8        0x4 build/cooja/mtype574.a(cooja_mtarch.o)
 .bss           0x000000000002d8ac        0x0 build/cooja/mtype574.a(rtimer-arch.o)
 .bss           0x000000000002d8ac        0x0 build/cooja/mtype574.a(beep.o)
 .bss           0x000000000002d8ac        0x1 build/cooja/mtype574.a(leds-arch.o)
                0x000000000002d8ac                simLedsValue
 .bss           0x000000000002d8ad        0x0 build/cooja/mtype574.a(moteid.o)
 .bss           0x000000000002d8ad        0x1 build/cooja/mtype574.a(pir-sensor.o)
                0x000000000002d8ad                simPirValue
 *fill*         0x000000000002d8ae        0x2 
 .bss           0x000000000002d8b0        0x4 build/cooja/mtype574.a(rs232.o)
 .bss           0x000000000002d8b4        0x1 build/cooja/mtype574.a(vib-sensor.o)
                0x000000000002d8b4                simVibValue
 .bss           0x000000000002d8b5        0x0 build/cooja/mtype574.a(clock.o)
 *fill*         0x000000000002d8b5        0xb 
 .bss           0x000000000002d8c0     0x2020 build/cooja/mtype574.a(cooja-log.o)
 .bss           0x000000000002f8e0      0xfc0 build/cooja/mtype574.a(cfs-cooja.o)
                0x000000000002f8e0                simCFSData
                0x0000000000030880                simCFSSize
                0x0000000000030884                simCFSChanged
                0x0000000000030888                simCFSRead
                0x000000000003088c                simCFSWritten
 .bss           0x00000000000308a0       0x24 build/cooja/mtype574.a(cooja-radio.o)
                0x00000000000308a0                simReceiving
                0x00000000000308a4                simInSize
                0x00000000000308a8                simLastPacketTimestamp
                0x00000000000308b0                simOutSize
 .bss           0x00000000000308c4        0xc build/cooja/mtype574.a(eeprom.o)
                0x00000000000308c4                simEEPROMChanged
                0x00000000000308c8                simEEPROMRead
                0x00000000000308cc                simEEPROMWritten
 .bss           0x00000000000308d0        0x0 build/cooja/mtype574.a(random.o)
 .bss           0x00000000000308d0        0xc build/cooja/mtype574.a(sensors.o)
 .bss           0x00000000000308dc        0x0 build/cooja/mtype574.a(leds.o)
 .bss           0x00000000000308dc       0x24 build/cooja/mtype574.a(gpio-hal-arch.o)
 .bss           0x0000000000030900        0x0 build/cooja/mtype574.a(buttons.o)
 .bss           0x0000000000030900        0x0 build/cooja/mtype574.a(contiki-main.o)
 .bss           0x0000000000030900        0x0 build/cooja/mtype574.a(autostart.o)
 .bss           0x0000000000030900        0x5 build/cooja/mtype574.a(ctimer.o)
 *fill*         0x0000000000030905        0x3 
 .bss           0x0000000000030908       0x2c build/cooja/mtype574.a(log.o)
                0x0000000000030908                curr_log_level_rpl
                0x000000000003090c                curr_log_level_tcpip
                0x0000000000030910                curr_log_level_ipv6
                0x0000000000030914                curr_log_level_6lowpan
                0x0000000000030918                curr_log_level_nullnet
                0x000000000003091c                curr_log_level_mac
                0x0000000000030920                curr_log_level_framer
                0x0000000000030924                curr_log_level_6top
                0x0000000000030928                curr_log_level_coap
                0x000000000003092c                curr_log_level_snmp
                0x0000000000030930                curr_log_level_lwm2m
 .bss           0x0000000000030934        0x0 build/cooja/mtype574.a(energest.o)
 .bss           0x0000000000030934        0x8 build/cooja/mtype574.a(etimer.o)
 .bss           0x000000000003093c        0x2 build/cooja/mtype574.a(node-id.o)
                0x000000000003093c                node_id
 *fill*         0x000000000003093e        0x2 
 .bss           0x0000000000030940      0x1a1 build/cooja/mtype574.a(process.o)
                0x0000000000030940                process_list
                0x0000000000030944                process_current
 *fill*         0x0000000000030ae1        0x3 
 .bss           0x0000000000030ae4        0x4 build/cooja/mtype574.a(rtimer.o)
 .bss           0x0000000000030ae8        0x0 build/cooja/mtype574.a(timer.o)
 .bss           0x0000000000030ae8        0x0 build/cooja/mtype574.a(list.o)
 .bss           0x0000000000030ae8       0x10 build/cooja/mtype574.a(button-hal.o)
 *fill*         0x0000000000030af8        0x8 
 .bss           0x0000000000030b00      0x140 build/cooja/mtype574.a(serial-line.o)
 .bss           0x0000000000030c40        0x4 build/cooja/mtype574.a(gpio-hal.o)
 *fill*         0x0000000000030c44       0x1c 
 .bss           0x0000000000030c60     0x2c80 build/cooja/mtype574.a(queuebuf.o)
 .bss           0x00000000000338e0       0xa0 build/cooja/mtype574.a(packetbuf.o)
 .bss           0x0000000000033980        0x4 build/cooja/mtype574.a(netstack.o)
 .bss           0x0000000000033984        0x0 build/cooja/mtype574.a(linkaddr.o)
 .bss           0x0000000000033984        0x0 build/cooja/mtype574.a(csma.o)
 *fill*         0x0000000000033984       0x1c 
 .bss           0x00000000000339a0      0x726 build/cooja/mtype574.a(csma-output.o)
 *fill*         0x00000000000340c6        0x2 
 .bss           0x00000000000340c8       0x30 build/cooja/mtype574.a(uip-ds6.o)
 *fill*         0x00000000000340f8        0x8 
 .bss           0x0000000000034100       0x60 build/cooja/mtype574.a(uip-ds6-route.o)
 .bss           0x0000000000034160       0x10 build/cooja/mtype574.a(tcpip.o)
 .bss           0x0000000000034170        0x8 build/cooja/mtype574.a(uip6.o)
                0x0000000000034170                uip_ext_bitmap
                0x0000000000034172                uip_ext_len
                0x0000000000034174                uip_last_proto
 *fill*         0x0000000000034178        0x8 
 .bss           0x0000000000034180     0x1c20 build/cooja/mtype574.a(uip-ds6-nbr.o)
 .bss           0x0000000000035da0       0x10 build/cooja/mtype574.a(uip-nd6.o)
 *fill*         0x0000000000035db0       0x10 
 .bss           0x0000000000035dc0      0x724 build/cooja/mtype574.a(sicslowpan.o)
 .bss           0x00000000000364e4        0x0 build/cooja/mtype574.a(uiplib.o)
 .bss           0x00000000000364e4        0x1 build/cooja/mtype574.a(rpl.o)
 .bss           0x00000000000364e5        0x0 build/cooja/mtype574.a(rpl-dag.o)
 *fill*         0x00000000000364e5        0x3 
 .bss           0x00000000000364e8       0x11 build/cooja/mtype574.a(rpl-dag-root.o)
 .bss           0x00000000000364f9        0x0 build/cooja/mtype574.a(watchdog.o)
 *fill*         0x00000000000364f9        0x3 
 .bss           0x00000000000364fc        0x4 build/cooja/mtype574.a(int-master.o)
 .bss           0x0000000000036500        0x0 build/cooja/mtype574.a(stimer.o)
 .bss           0x0000000000036500        0x0 build/cooja/mtype574.a(ringbuf.o)
 .bss           0x0000000000036500        0x0 build/cooja/mtype574.a(memb.o)
 .bss           0x0000000000036500        0x0 build/cooja/mtype574.a(assert.o)
 .bss           0x0000000000036500     0x1214 build/cooja/mtype574.a(nbr-table.o)
 *fill*         0x0000000000037714        0xc 
 .bss           0x0000000000037720      0xe10 build/cooja/mtype574.a(link-stats.o)
 *fill*         0x0000000000038530       0x10 
 .bss           0x0000000000038540      0x100 build/cooja/mtype574.a(mac-sequence.o)
 .bss           0x0000000000038640        0x0 build/cooja/mtype574.a(mac.o)
 .bss           0x0000000000038640        0x2 build/cooja/mtype574.a(framer-802154.o)
 .bss           0x0000000000038642        0x0 build/cooja/mtype574.a(frame802154.o)
 .bss           0x0000000000038642        0x0 build/cooja/mtype574.a(csma-security.o)
 *fill*         0x0000000000038642        0x2 
 .bss           0x0000000000038644       0x20 build/cooja/mtype574.a(uipbuf.o)
 .bss           0x0000000000038664       0x18 build/cooja/mtype574.a(uip-icmp6.o)
 *fill*         0x000000000003867c        0x4 
 .bss           0x0000000000038680     0x1d80 build/cooja/mtype574.a(uip-sr.o)
 .bss           0x000000000003a400      0xa78 build/cooja/mtype574.a(uip-packetqueue)
 .bss           0x000000000003ae78        0x0 build/cooja/mtype574.a(rpl-icmp6.o)
 *fill*         0x000000000003ae78        0x8 
 .bss           0x000000000003ae80      0x960 build/cooja/mtype574.a(rpl-neighbor.o)
 .bss           0x000000000003b7e0       0x40 build/cooja/mtype574.a(rpl-timers.o)
 .bss           0x000000000003b820        0x0 build/cooja/mtype574.a(rpl-ext-header.)
 .bss           0x000000000003b820        0x0 build/cooja/mtype574.a(rpl-nbr-policy.)
 .bss           0x000000000003b820        0x0 build/cooja/mtype574.a(rpl-mrhof.o)
 .bss           0x000000000003b820        0x0 /usr/lib/i386-linux-gnu/libc_nonshared.a(stack_chk_fail_local.oS)
 .bss           0x000000000003b820        0x0 /usr/lib/gcc/i686-linux-gnu/7/crtendS.o
 .bss           0x000000000003b820        0x0 /usr/lib/gcc/i686-linux-gnu/7/../../../i386-linux-gnu/crtn.o
 *(COMMON)
 COMMON         0x000000000003b820        0x8 build/cooja/mtype574.o
                0x000000000003b820                referenceVar
                0x000000000003b824                sensors_flags
 COMMON         0x000000000003b828        0xc build/cooja/mtype574.a(simEnvChange.o)
                0x000000000003b828                simEtimerPending
                0x000000000003b82c                simProcessRunValue
                0x000000000003b830                simEtimerNextExpirationTime
 *fill*         0x000000000003b834        0x4 
 COMMON         0x000000000003b838       0x18 build/cooja/mtype574.a(rtimer-arch.o)
                0x000000000003b838                simRtimerPending
                0x000000000003b840                simRtimerCurrentTicks
                0x000000000003b848                simRtimerNextExpirationTime
 COMMON         0x000000000003b850        0x1 build/cooja/mtype574.a(beep.o)
                0x000000000003b850                simBeeped
 *fill*         0x000000000003b851        0x3 
 COMMON         0x000000000003b854        0xc build/cooja/mtype574.a(moteid.o)
                0x000000000003b854                simRandomSeed
                0x000000000003b858                simMoteIDChanged
                0x000000000003b85c                simMoteID
 COMMON         0x000000000003b860        0x2 build/cooja/mtype574.a(pir-sensor.o)
                0x000000000003b860                simPirIsActive
                0x000000000003b861                simPirChanged
 *fill*         0x000000000003b862       0x1e 
 COMMON         0x000000000003b880      0x820 build/cooja/mtype574.a(rs232.o)
                0x000000000003b880                simSerialReceivingFlag
                0x000000000003b884                simSerialReceivingLength
                0x000000000003b8a0                simSerialReceivingData
 COMMON         0x000000000003c0a0        0x2 build/cooja/mtype574.a(vib-sensor.o)
                0x000000000003c0a0                simVibChanged
                0x000000000003c0a1                simVibIsActive
 *fill*         0x000000000003c0a2        0x2 
 COMMON         0x000000000003c0a4        0x4 build/cooja/mtype574.a(clock.o)
                0x000000000003c0a4                simCurrentTime
 *fill*         0x000000000003c0a8       0x18 
 COMMON         0x000000000003c0c0     0x2020 build/cooja/mtype574.a(cooja-log.o)
                0x000000000003c0c0                simLoggedLength
                0x000000000003c0c4                simLoggedFlag
                0x000000000003c0e0                simLoggedData
 COMMON         0x000000000003e0e0       0xfd build/cooja/mtype574.a(cooja-radio.o)
                0x000000000003e0e0                simOutDataBuffer
                0x000000000003e160                simInDataBuffer
 *fill*         0x000000000003e1dd        0x3 
 COMMON         0x000000000003e1e0      0x400 build/cooja/mtype574.a(eeprom.o)
                0x000000000003e1e0                simEEPROMData
 COMMON         0x000000000003e5e0        0x1 build/cooja/mtype574.a(sensors.o)
                0x000000000003e5e0                sensors_event
 COMMON         0x000000000003e5e1        0x2 build/cooja/mtype574.a(buttons.o)
                0x000000000003e5e1                simButtonIsDown
                0x000000000003e5e2                simButtonChanged
 COMMON         0x000000000003e5e3        0x3 build/cooja/mtype574.a(button-hal.o)
                0x000000000003e5e3                button_hal_periodic_event
                0x000000000003e5e4                button_hal_press_event
                0x000000000003e5e5                button_hal_release_event
 COMMON         0x000000000003e5e6        0x1 build/cooja/mtype574.a(serial-line.o)
                0x000000000003e5e6                serial_line_event_message